Servidor em execução: http://localhost:3000/
17:38:32 [tsx] change in ./shared\validations.ts Restarting...
cServidor em execução: http://localhost:3000/
17:38:40 [tsx] change in ./server\reports.ts Restarting...
cServidor em execução: http://localhost:3000/
17:43:12 [tsx] change in ./drizzle\schema.ts Restarting...
cServidor em execução: http://localhost:3000/
17:43:26 [tsx] change in ./server\stripe.ts Restarting...
c17:43:27 [tsx] change in ./server\stripe.ts Restarting...
cServidor em execução: http://localhost:3000/
17:49:45 [tsx] change in ./server\routers.ts Restarting...
c17:49:46 [tsx] change in ./server\routers.ts Restarting...
c17:49:48 [tsx] change in ./server\specialist-schedule.ts Restarting...
c17:49:49 [tsx] change in ./server\specialist-schedule.ts Restarting...
cServidor em execução: http://localhost:3000/
17:50:01 [tsx] change in ./server\routers.ts Restarting...
cServidor em execução: http://localhost:3000/
17:54:01 [tsx] change in ./server\specialist-schedule.ts Restarting...
cServidor em execução: http://localhost:3000/
17:54:15 [tsx] change in ./server\specialist-schedule.ts Restarting...
cServidor em execução: http://localhost:3000/
[2m18:07:01[22m [36m[1m[vite][22m[39m [90m[2m(client)[22m[39m [32m✨ new dependencies optimized: [33mworkbox-precaching, workbox-core, workbox-routing, workbox-strategies, workbox-expiration[32m[39m
[2m18:07:01[22m [36m[1m[vite][22m[39m [90m[2m(client)[22m[39m [32m✨ optimized dependencies changed. reloading[39m
